{
  "openapi": "3.0.1",
  "info": {
    "title": "OpenAPI Spec for Istio APIs.",
    "version": "testpkg2"
  },
  "components": {
    "schemas": {
      "testpkg2.AEnum": {
        "enum": [
          [
            "ONE",
            "TWO",
            "THREE"
          ]
        ],
        "type": "string"
      },
      "testpkg2.MessageOneOf": {
        "properties": {
          "port": {
            "oneOf": [
              {
                "description": "Valid port number",
                "format": "int32",
                "type": "integer"
              },
              {
                "type": "string"
              }
            ]
          }
        },
        "type": "object"
      },
      "testpkg2.Test3": {
        "description": "Test3 is a message that I use for testing.",
        "properties": {
          "OneofField": {
            "oneOf": [
              {
                "type": "string"
              },
              {
                "type": "string"
              }
            ]
          },
          "aEnum": {
            "enum": [
              [
                "ONE",
                "TWO",
                "THREE"
              ]
            ],
            "type": "string"
          },
          "field1": {
            "description": "field1 is a field",
            "format": "int32",
            "type": "integer"
          },
          "field3": {
            "type": "number"
          },
          "field4": {
            "type": "number"
          },
          "field5": {
            "format": "int32",
            "type": "integer"
          },
          "field6": {
            "format": "int32",
            "type": "integer"
          },
          "field7": {
            "format": "int32",
            "type": "integer"
          },
          "field8": {
            "format": "int32",
            "type": "integer"
          },
          "mapField": {
            "additionalProperties": {
              "properties": {
                "field1": {
                  "type": "string"
                },
                "field2": {
                  "format": "int32",
                  "type": "integer"
                }
              },
              "type": "object"
            },
            "description": "first line of comment.",
            "type": "object"
          },
          "messageOneOfField": {
            "description": "messageoneof comment",
            "properties": {
              "port": {
                "oneOf": [
                  {
                    "description": "Valid port number",
                    "format": "int32",
                    "type": "integer"
                  },
                  {
                    "type": "string"
                  }
                ]
              }
            },
            "type": "object"
          },
          "str": {
            "description": "an array of strings",
            "items": {
              "type": "string"
            },
            "type": "array"
          },
          "test3Nested": {
            "properties": {
              "nested1": {
                "type": "string"
              },
              "nested2": {
                "type": "number"
              }
            },
            "type": "object"
          }
        },
        "type": "object"
      },
      "testpkg2.Test3_Value": {
        "properties": {
          "field1": {
            "type": "string"
          },
          "field2": {
            "format": "int32",
            "type": "integer"
          }
        },
        "type": "object"
      }
    }
  }
}